// Jest Snapshot v1, https://goo.gl/fbAQLP

exports[`matches snapshot 1`] = `
<nav
  className="navbar navbar-expand-md navbar-dark bg-info"
  data-testid="navbar"
>
  <a
    className="font-weight-bold navbar-brand"
    href="/"
  >
    University List App
  </a>
  <button
    aria-label="Toggle navigation"
    className="navbar-toggler"
    onClick={[Function]}
    type="button"
  >
    <span
      className="navbar-toggler-icon"
    />
  </button>
  <div
    className="collapse navbar-collapse"
    style={Object {}}
  >
    <ul
      className="mt-2 navbar-nav"
    >
      <li
        className="nav-item"
      >
        <a
          className="font-weight-bold nav-link"
          href="/country"
          onClick={[Function]}
        >
          List by Country
        </a>
      </li>
      <li
        className="nav-item"
      >
        <a
          className="font-weight-bold nav-link"
          href="/name"
          onClick={[Function]}
        >
          List by Name
        </a>
      </li>
      <li
        className="nav-item"
      >
        <a
          className="font-weight-bold nav-link"
          href="/detail"
          onClick={[Function]}
        >
          University Detail
        </a>
      </li>
    </ul>
  </div>
</nav>
`;
