// Jest Snapshot v1, https://goo.gl/fbAQLP

exports[`matches snapshot 1`] = `
<div
  data-testid="university-list"
>
  <div
    className="row"
  >
    <div
      className="mt-4 col-6 col-md-3"
    >
      <div
        className="text-center card"
        data-testid="university-card"
      >
        <div
          className="card-header"
        >
          Default Name
        </div>
        <div
          className="card-body"
        >
          <div
            className="card-title"
          >
            Default Country
          </div>
          <hr
            className="my-2"
          />
          <p
            className="card-text"
          >
            <a
              href={Array []}
              rel="noopener"
              target="blank"
            />
          </p>
        </div>
      </div>
    </div>
  </div>
  <div
    className="d-flex my-3"
    data-testid="pagination"
  >
    <ul
      className="pagination"
    >
      <li
        className="previous disabled"
      >
        <a
          aria-disabled="true"
          aria-label="Previous page"
          onClick={[Function]}
          onKeyPress={[Function]}
          role="button"
          tabIndex="0"
        >
          prev
        </a>
      </li>
      <li
        className="active"
      >
        <a
          aria-current="page"
          aria-label="Page 1 is your current page"
          onClick={[Function]}
          onKeyPress={[Function]}
          role="button"
          tabIndex="0"
        >
          1
        </a>
      </li>
      <li>
        <a
          aria-current={null}
          aria-label="Page 2"
          onClick={[Function]}
          onKeyPress={[Function]}
          role="button"
          tabIndex="0"
        >
          2
        </a>
      </li>
      <li>
        <a
          aria-current={null}
          aria-label="Page 3"
          onClick={[Function]}
          onKeyPress={[Function]}
          role="button"
          tabIndex="0"
        >
          3
        </a>
      </li>
      <li>
        <a
          aria-current={null}
          aria-label="Page 4"
          onClick={[Function]}
          onKeyPress={[Function]}
          role="button"
          tabIndex="0"
        >
          4
        </a>
      </li>
      <li>
        <a
          aria-current={null}
          aria-label="Page 5"
          onClick={[Function]}
          onKeyPress={[Function]}
          role="button"
          tabIndex="0"
        >
          5
        </a>
      </li>
      <li
        className="break-me"
      >
        <a
          onClick={[Function]}
          onKeyPress={[Function]}
          role="button"
          tabIndex="0"
        >
          ...
        </a>
      </li>
      <li>
        <a
          aria-current={null}
          aria-label="Page 9"
          onClick={[Function]}
          onKeyPress={[Function]}
          role="button"
          tabIndex="0"
        >
          9
        </a>
      </li>
      <li>
        <a
          aria-current={null}
          aria-label="Page 10"
          onClick={[Function]}
          onKeyPress={[Function]}
          role="button"
          tabIndex="0"
        >
          10
        </a>
      </li>
      <li
        className="next"
      >
        <a
          aria-disabled="false"
          aria-label="Next page"
          onClick={[Function]}
          onKeyPress={[Function]}
          role="button"
          tabIndex="0"
        >
          next
        </a>
      </li>
    </ul>
  </div>
</div>
`;
